// Jest Snapshot v1, https://goo.gl/fbAQLP

exports[`New tweet it renders correctly 1`] = `<div />`;
